Archive member included to satisfy reference by file (symbol)

../drivers\libIotLibrary.a(hih8120.o)
                              main.o (hih8120_create)
../drivers\libIotLibrary.a(lora_driver.o)
                              loraWANHandler.o (lora_driver_flushBuffers)
../drivers\libIotLibrary.a(lora_driver_utils.o)
                              ../drivers\libIotLibrary.a(lora_driver.o) (decode_port_no)
../drivers\libIotLibrary.a(serial.o)
                              ../drivers\libIotLibrary.a(lora_driver.o) (serial_create)
../drivers\libIotLibrary.a(status_leds.o)
                              loraWANHandler.o (status_leds_slowBlink)
../drivers\libIotLibrary.a(twi.o)
                              ../drivers\libIotLibrary.a(hih8120.o) (twiCreate)
../drivers\libIotLibrary.a(fifo.o)
                              ../drivers\libIotLibrary.a(serial.o) (fifo_init)
../drivers\libIotLibrary.a(hal.o)
                              ../drivers\libIotLibrary.a(lora_driver.o) (register_access)
../drivers\libIotLibrary.a(mega_register_access.o)
                              ../drivers\libIotLibrary.a(hal.o) (register_access_readRegister)
d:/program files (x86)/atmel/studio/7.0/toolchain/avr8/avr8-gnu-toolchain/bin/../lib/gcc/avr/5.4.0/../../../../avr/lib/avr6\libm.a(addsf3.o)
                              ../drivers\libIotLibrary.a(hih8120.o) (__subsf3)
d:/program files (x86)/atmel/studio/7.0/toolchain/avr8/avr8-gnu-toolchain/bin/../lib/gcc/avr/5.4.0/../../../../avr/lib/avr6\libm.a(addsf3x.o)
                              d:/program files (x86)/atmel/studio/7.0/toolchain/avr8/avr8-gnu-toolchain/bin/../lib/gcc/avr/5.4.0/../../../../avr/lib/avr6\libm.a(addsf3.o) (__addsf3x)
d:/program files (x86)/atmel/studio/7.0/toolchain/avr8/avr8-gnu-toolchain/bin/../lib/gcc/avr/5.4.0/../../../../avr/lib/avr6\libm.a(divsf3.o)
                              ../drivers\libIotLibrary.a(hih8120.o) (__divsf3)
d:/program files (x86)/atmel/studio/7.0/toolchain/avr8/avr8-gnu-toolchain/bin/../lib/gcc/avr/5.4.0/../../../../avr/lib/avr6\libm.a(divsf3x.o)
                              d:/program files (x86)/atmel/studio/7.0/toolchain/avr8/avr8-gnu-toolchain/bin/../lib/gcc/avr/5.4.0/../../../../avr/lib/avr6\libm.a(divsf3.o) (__divsf3x)
d:/program files (x86)/atmel/studio/7.0/toolchain/avr8/avr8-gnu-toolchain/bin/../lib/gcc/avr/5.4.0/../../../../avr/lib/avr6\libm.a(fixsfsi.o)
                              ../drivers\libIotLibrary.a(hih8120.o) (__fixsfsi)
d:/program files (x86)/atmel/studio/7.0/toolchain/avr8/avr8-gnu-toolchain/bin/../lib/gcc/avr/5.4.0/../../../../avr/lib/avr6\libm.a(fixunssfsi.o)
                              ../drivers\libIotLibrary.a(hih8120.o) (__fixunssfsi)
d:/program files (x86)/atmel/studio/7.0/toolchain/avr8/avr8-gnu-toolchain/bin/../lib/gcc/avr/5.4.0/../../../../avr/lib/avr6\libm.a(floatsisf.o)
                              ../drivers\libIotLibrary.a(hih8120.o) (__floatunsisf)
d:/program files (x86)/atmel/studio/7.0/toolchain/avr8/avr8-gnu-toolchain/bin/../lib/gcc/avr/5.4.0/../../../../avr/lib/avr6\libm.a(fp_inf.o)
                              d:/program files (x86)/atmel/studio/7.0/toolchain/avr8/avr8-gnu-toolchain/bin/../lib/gcc/avr/5.4.0/../../../../avr/lib/avr6\libm.a(addsf3x.o) (__fp_inf)
d:/program files (x86)/atmel/studio/7.0/toolchain/avr8/avr8-gnu-toolchain/bin/../lib/gcc/avr/5.4.0/../../../../avr/lib/avr6\libm.a(fp_nan.o)
                              d:/program files (x86)/atmel/studio/7.0/toolchain/avr8/avr8-gnu-toolchain/bin/../lib/gcc/avr/5.4.0/../../../../avr/lib/avr6\libm.a(addsf3x.o) (__fp_nan)
d:/program files (x86)/atmel/studio/7.0/toolchain/avr8/avr8-gnu-toolchain/bin/../lib/gcc/avr/5.4.0/../../../../avr/lib/avr6\libm.a(fp_pscA.o)
                              d:/program files (x86)/atmel/studio/7.0/toolchain/avr8/avr8-gnu-toolchain/bin/../lib/gcc/avr/5.4.0/../../../../avr/lib/avr6\libm.a(addsf3x.o) (__fp_pscA)
d:/program files (x86)/atmel/studio/7.0/toolchain/avr8/avr8-gnu-toolchain/bin/../lib/gcc/avr/5.4.0/../../../../avr/lib/avr6\libm.a(fp_pscB.o)
                              d:/program files (x86)/atmel/studio/7.0/toolchain/avr8/avr8-gnu-toolchain/bin/../lib/gcc/avr/5.4.0/../../../../avr/lib/avr6\libm.a(addsf3x.o) (__fp_pscB)
d:/program files (x86)/atmel/studio/7.0/toolchain/avr8/avr8-gnu-toolchain/bin/../lib/gcc/avr/5.4.0/../../../../avr/lib/avr6\libm.a(fp_round.o)
                              d:/program files (x86)/atmel/studio/7.0/toolchain/avr8/avr8-gnu-toolchain/bin/../lib/gcc/avr/5.4.0/../../../../avr/lib/avr6\libm.a(addsf3.o) (__fp_round)
d:/program files (x86)/atmel/studio/7.0/toolchain/avr8/avr8-gnu-toolchain/bin/../lib/gcc/avr/5.4.0/../../../../avr/lib/avr6\libm.a(fp_split3.o)
                              d:/program files (x86)/atmel/studio/7.0/toolchain/avr8/avr8-gnu-toolchain/bin/../lib/gcc/avr/5.4.0/../../../../avr/lib/avr6\libm.a(addsf3x.o) (__fp_split3)
[...]
Memory Configuration

Name             Origin             Length             Attributes
text             0x00000000         0x00100000         xr
data             0x00800200         0x0000fe00         rw !x
eeprom           0x00810000         0x00010000         rw !x
fuse             0x00820000         0x00000003         rw !x
lock             0x00830000         0x00000400         rw !x
signature        0x00840000         0x00000400         rw !x
user_signatures  0x00850000         0x00000400         rw !x
*default*        0x00000000         0xffffffff

Linker script and memory map

Address of section .data set to 0x800200
LOAD D:/Program Files (x86)/Atmel/Studio/7.0/Packs/atmel/ATmega_DFP/1.3.300/gcc/dev/atmega2560/avr6/crtatmega2560.o
LOAD loraWANHandler.o
LOAD temperature_task.o
LOAD FreeRTOS/FreeRTOSTraceDriver/FreeRTOSTraceDriver.o
LOAD FreeRTOS/src/croutine.o
LOAD FreeRTOS/src/event_groups.o
LOAD FreeRTOS/src/heap_4.o
LOAD FreeRTOS/src/list.o
LOAD FreeRTOS/src/port.o
LOAD FreeRTOS/src/queue.o
LOAD FreeRTOS/src/stream_buffer.o
LOAD FreeRTOS/src/tasks.o
LOAD FreeRTOS/src/timers.o
LOAD FreeRTOS/src/variantHooks.o
LOAD main.o
START GROUP
LOAD d:/program files (x86)/atmel/studio/7.0/toolchain/avr8/avr8-gnu-toolchain/bin/../lib/gcc/avr/5.4.0/../../../../avr/lib/avr6\libm.a
LOAD ../drivers\libIotLibrary.a
END GROUP
START GROUP
LOAD d:/program files (x86)/atmel/studio/7.0/toolchain/avr8/avr8-gnu-toolchain/bin/../lib/gcc/avr/5.4.0/avr6\libgcc.a
LOAD d:/program files (x86)/atmel/studio/7.0/toolchain/avr8/avr8-gnu-toolchain/bin/../lib/gcc/avr/5.4.0/../../../../avr/lib/avr6\libm.a
LOAD d:/program files (x86)/atmel/studio/7.0/toolchain/avr8/avr8-gnu-toolchain/bin/../lib/gcc/avr/5.4.0/../../../../avr/lib/avr6\libc.a
LOAD D:/Program Files (x86)/Atmel/Studio/7.0/Packs/atmel/ATmega_DFP/1.3.300/gcc/dev/atmega2560/avr6\libatmega2560.a
END GROUP
                0x00000000                __TEXT_REGION_ORIGIN__ = DEFINED (__TEXT_REGION_ORIGIN__)?__TEXT_REGION_ORIGIN__:0x0
                0x00800200                __DATA_REGION_ORIGIN__ = DEFINED (__DATA_REGION_ORIGIN__)?__DATA_REGION_ORIGIN__:0x800200
                0x00100000                __TEXT_REGION_LENGTH__ = DEFINED (__TEXT_REGION_LENGTH__)?__TEXT_REGION_LENGTH__:0x100000
                0x0000fe00                __DATA_REGION_LENGTH__ = DEFINED (__DATA_REGION_LENGTH__)?__DATA_REGION_LENGTH__:0xfe00
                0x00010000                __EEPROM_REGION_LENGTH__ = DEFINED (__EEPROM_REGION_LENGTH__)?__EEPROM_REGION_LENGTH__:0x10000
                [0x00000003]                __FUSE_REGION_LENGTH__ = DEFINED (__FUSE_REGION_LENGTH__)?__FUSE_REGION_LENGTH__:0x400
                0x00000400                __LOCK_REGION_LENGTH__ = DEFINED (__LOCK_REGION_LENGTH__)?__LOCK_REGION_LENGTH__:0x400
                0x00000400                __SIGNATURE_REGION_LENGTH__ = DEFINED (__SIGNATURE_REGION_LENGTH__)?__SIGNATURE_REGION_LENGTH__:0x400
                0x00000400                __USER_SIGNATURE_REGION_LENGTH__ = DEFINED (__USER_SIGNATURE_REGION_LENGTH__)?__USER_SIGNATURE_REGION_LENGTH__:0x400

.hash
 *(.hash)

.dynsym
 *(.dynsym)

.dynstr
 *(.dynstr)

.gnu.version
 *(.gnu.version)

.gnu.version_d
 *(.gnu.version_d)

.gnu.version_r
 *(.gnu.version_r)

.rel.init
 *(.rel.init)

.rela.init
 *(.rela.init)

.rel.text
 *(.rel.text)
 *(.rel.text.*)
 *(.rel.gnu.linkonce.t*)

.rela.text
 *(.rela.text)
 *(.rela.text.*)
 *(.rela.gnu.linkonce.t*)

.rel.fini
 *(.rel.fini)

.rela.fini
 *(.rela.fini)

.rel.rodata
 *(.rel.rodata)
 *(.rel.rodata.*)
 *(.rel.gnu.linkonce.r*)

.rela.rodata
 *(.rela.rodata)
 *(.rela.rodata.*)
 *(.rela.gnu.linkonce.r*)

.rel.data
 *(.rel.data)
 *(.rel.data.*)
 *(.rel.gnu.linkonce.d*)

.rela.data
 *(.rela.data)
 *(.rela.data.*)
 *(.rela.gnu.linkonce.d*)

.rel.ctors
 *(.rel.ctors)

.rela.ctors
 *(.rela.ctors)

.rel.dtors
 *(.rel.dtors)

.rela.dtors
 *(.rela.dtors)

.rel.got
 *(.rel.got)

.rela.got
 *(.rela.got)

.rel.bss
 *(.rel.bss)

.rela.bss
 *(.rela.bss)

.rel.plt
 *(.rel.plt)

.rela.plt
 *(.rela.plt)

.text           0x00000000     0x329e
 *(.vectors)
 .vectors       0x00000000       0xe4 D:/Program Files (x86)/Atmel/Studio/7.0/Packs/atmel/ATmega_DFP/1.3.300/gcc/dev/atmega2560/avr6/crtatmega2560.o
                0x00000000                __vector_default
                0x00000000                __vectors
 *(.vectors)
 *(.progmem.gcc*)
 .progmem.gcc_sw_table
                0x000000e4       0x14 FreeRTOS/src/timers.o
 .progmem.gcc_sw_table.__vector_39
                0x000000f8       0xa2 ../drivers\libIotLibrary.a(twi.o)
                0x0000019a                . = ALIGN (0x2)
                0x0000019a                __trampolines_start = .
 *(.trampolines)
 .trampolines   0x0000019a        0x0 linker stubs
 *(.trampolines*)
                0x0000019a                __trampolines_end = .
 *libprintf_flt.a:*(.progmem.data)
 *libc.a:*(.progmem.data)
 *(.progmem*)
                0x0000019a                . = ALIGN (0x2)
 *(.jumptables)
 *(.jumptables*)
 *(.lowtext)
 .lowtext       0x0000019a       0x6c FreeRTOS/src/tasks.o
 .lowtext       0x00000206      0x288 FreeRTOS/src/timers.o
 *(.lowtext*)
                0x0000048e                __ctors_start = .
 *(.ctors)
                0x0000048e                __ctors_end = .
                0x0000048e                __dtors_start = .
 *(.dtors)
                0x0000048e                __dtors_end = .
 SORT(*)(.ctors)
 SORT(*)(.dtors)
 *(.init0)
 .init0         0x0000048e        0x0 D:/Program Files (x86)/Atmel/Studio/7.0/Packs/atmel/ATmega_DFP/1.3.300/gcc/dev/atmega2560/avr6/crtatmega2560.o
                0x0000048e                __init
 *(.init0)
 *(.init1)
 *(.init1)
 *(.init2)
 .init2         0x0000048e       0x10 D:/Program Files (x86)/Atmel/Studio/7.0/Packs/atmel/ATmega_DFP/1.3.300/gcc/dev/atmega2560/avr6/crtatmega2560.o
 *(.init2)
 *(.init3)
 *(.init3)
 *(.init4)
 .init4         0x0000049e       0x1a d:/program files (x86)/atmel/studio/7.0/toolchain/avr8/avr8-gnu-toolchain/bin/../lib/gcc/avr/5.4.0/avr6\libgcc.a(_copy_data.o)
                0x0000049e                __do_copy_data
 .init4         0x000004b8       0x10 d:/program files (x86)/atmel/studio/7.0/toolchain/avr8/avr8-gnu-toolchain/bin/../lib/gcc/avr/5.4.0/avr6\libgcc.a(_clear_bss.o)
                0x000004b8                __do_clear_bss
 *(.init4)
 *(.init5)
 *(.init5)
 *(.init6)
 *(.init6)
 *(.init7)
 *(.init7)
 *(.init8)
 *(.init8)
 *(.init9)
 .init9         0x000004c8        0x8 D:/Program Files (x86)/Atmel/Studio/7.0/Packs/atmel/ATmega_DFP/1.3.300/gcc/dev/atmega2560/avr6/crtatmega2560.o
 *(.init9)
 *(.text)
 .text          0x000004d0        0x2 D:/Program Files (x86)/Atmel/Studio/7.0/Packs/atmel/ATmega_DFP/1.3.300/gcc/dev/atmega2560/avr6/crtatmega2560.o
                0x000004d0                __vector_38
                0x000004d0                __vector_22
                0x000004d0                __vector_28
                0x000004d0                __vector_1
                0x000004d0                __vector_32
                0x000004d0                __vector_34
                0x000004d0                __vector_24
                0x000004d0                __vector_46
                0x000004d0                __bad_interrupt
                0x000004d0                __vector_6
                0x000004d0                __vector_31
                0x000004d0                __vector_35
                0x000004d0                __vector_3
                0x000004d0                __vector_23
                0x000004d0                __vector_30
                0x000004d0                __vector_45
                0x000004d0                __vector_11
                0x000004d0                __vector_13
                0x000004d0                __vector_17
                0x000004d0                __vector_19
                0x000004d0                __vector_56
                0x000004d0                __vector_7
                0x000004d0                __vector_49
                0x000004d0                __vector_41
                0x000004d0                __vector_43
                0x000004d0                __vector_27
                0x000004d0                __vector_5
                0x000004d0                __vector_33
                0x000004d0                __vector_47
                0x000004d0                __vector_4
                0x000004d0                __vector_44
                0x000004d0                __vector_9
                0x000004d0                __vector_2
                0x000004d0                __vector_21
                0x000004d0                __vector_15
                0x000004d0                __vector_29
                0x000004d0                __vector_40
                0x000004d0                __vector_8
                0x000004d0                __vector_48
                0x000004d0                __vector_14
                0x000004d0                __vector_53
                0x000004d0                __vector_10
                0x000004d0                __vector_50
                0x000004d0                __vector_16
                0x000004d0                __vector_18
                0x000004d0                __vector_20
                0x000004d0                __vector_42
                0x000004d2                . = ALIGN (0x2)
 *(.text.*)
 .text.get_temp
                0x000004d2        0x6 temperature_task.o
                0x000004d2                get_temp
 .text.trace_init
                0x000004d8        0xc FreeRTOS/FreeRTOSTraceDriver/FreeRTOSTraceDriver.o
                0x000004d8                trace_init
 .text.task_switch_in
                0x000004e4       0x14 FreeRTOS/FreeRTOSTraceDriver/FreeRTOSTraceDriver.o
                0x000004e4                task_switch_in
 .text.task_switch_out
                0x000004f8        0xc FreeRTOS/FreeRTOSTraceDriver/FreeRTOSTraceDriver.o
                0x000004f8                task_switch_out
 .text.prvInsertBlockIntoFreeList
                0x00000504       0x9a FreeRTOS/src/heap_4.o
 .text.pvPortMalloc
                0x0000059e      0x170 FreeRTOS/src/heap_4.o
                0x0000059e                pvPortMalloc
 .text.vPortFree
                0x0000070e       0x5e FreeRTOS/src/heap_4.o
                0x0000070e                vPortFree
 .text.vListInitialise
                0x0000076c       0x22 FreeRTOS/src/list.o
                0x0000076c                vListInitialise
 .text.vListInitialiseItem
                0x0000078e        0x8 FreeRTOS/src/list.o
                0x0000078e                vListInitialiseItem
 .text.vListInsertEnd
                0x00000796       0x42 FreeRTOS/src/list.o
                0x00000796                vListInsertEnd
 .text.vListInsert
                0x000007d8       0x7a FreeRTOS/src/list.o
                0x000007d8                vListInsert
 .text.uxListRemove
                0x00000852       0x4e FreeRTOS/src/list.o
                0x00000852                uxListRemove
 .text.pxPortInitialiseStack
                0x000008a0       0xe4 FreeRTOS/src/port.o
                0x000008a0                pxPortInitialiseStack
 .text.xPortStartScheduler
                0x00000984       0x78 FreeRTOS/src/port.o
                0x00000984                xPortStartScheduler
 .text.vPortYield
                0x000009fc       0xc0 FreeRTOS/src/port.o
                0x000009fc                vPortYield
 .text.vPortYieldFromTick
                0x00000abc       0xc6 FreeRTOS/src/port.o
                0x00000abc                vPortYieldFromTick
 .text.__vector_12
                0x00000b82        0x4 FreeRTOS/src/port.o
                0x00000b82                __vector_12
 .text.prvIsQueueEmpty
                0x00000b86       0x16 FreeRTOS/src/queue.o
 .text.prvCopyDataToQueue
                0x00000b9c       0xbc FreeRTOS/src/queue.o
 .text.prvCopyDataFromQueue
                0x00000c58       0x34 FreeRTOS/src/queue.o
 .text.prvUnlockQueue
                0x00000c8c       0x92 FreeRTOS/src/queue.o
 .text.xQueueGenericReset
                0x00000d1e       0x84 FreeRTOS/src/queue.o
                0x00000d1e                xQueueGenericReset
 .text.xQueueGenericCreate
                0x00000da2       0x5c FreeRTOS/src/queue.o
                0x00000da2                xQueueGenericCreate
 .text.xQueueGenericSend
                0x00000dfe      0x138 FreeRTOS/src/queue.o
                0x00000dfe                xQueueGenericSend
 .text.xQueueGenericSendFromISR
                0x00000f36       0x70 FreeRTOS/src/queue.o
                0x00000f36                xQueueGenericSendFromISR
 .text.xQueueReceive
                0x00000fa6      0x12a FreeRTOS/src/queue.o
                0x00000fa6                xQueueReceive
 .text.vQueueWaitForMessageRestricted
                0x000010d0       0x36 FreeRTOS/src/queue.o
                0x000010d0                vQueueWaitForMessageRestricted
 .text.prvResetNextTaskUnblockTime
                0x00001106       0x54 FreeRTOS/src/tasks.o
 .text.prvAddCurrentTaskToDelayedList
                0x0000115a       0xe6 FreeRTOS/src/tasks.o
 .text.xTaskCreate
                0x00001240      0x21c FreeRTOS/src/tasks.o
                0x00001240                xTaskCreate
 .text.vTaskDelete
                0x0000145c       0x9c FreeRTOS/src/tasks.o
                0x0000145c                vTaskDelete
 .text.vTaskStartScheduler
                0x000014f8       0x76 FreeRTOS/src/tasks.o
                0x000014f8                vTaskStartScheduler
 .text.vTaskSuspendAll
                0x0000156e        0xc FreeRTOS/src/tasks.o
                0x0000156e                vTaskSuspendAll
 .text.xTaskGetTickCount
                0x0000157a       0x1c FreeRTOS/src/tasks.o
                0x0000157a                xTaskGetTickCount
 .text.xTaskIncrementTick
                0x00001596      0x1a4 FreeRTOS/src/tasks.o
                0x00001596                xTaskIncrementTick
 .text.xTaskResumeAll
                0x0000173a       0xf2 FreeRTOS/src/tasks.o
                0x0000173a                xTaskResumeAll
 .text.vTaskSetApplicationTaskTag
                0x0000182c       0x1e FreeRTOS/src/tasks.o
                0x0000182c                vTaskSetApplicationTaskTag
 .text.vTaskSwitchContext
                0x0000184a       0xfe FreeRTOS/src/tasks.o
                0x0000184a                vTaskSwitchContext
 .text.vTaskPlaceOnEventList
                0x00001948       0x2e FreeRTOS/src/tasks.o
                0x00001948                vTaskPlaceOnEventList
 .text.vTaskPlaceOnEventListRestricted
                0x00001976       0x40 FreeRTOS/src/tasks.o
                0x00001976                vTaskPlaceOnEventListRestricted
 .text.xTaskRemoveFromEventList
                0x000019b6       0x84 FreeRTOS/src/tasks.o
                0x000019b6                xTaskRemoveFromEventList
 .text.vTaskInternalSetTimeOutState
                0x00001a3a       0x22 FreeRTOS/src/tasks.o
                0x00001a3a                vTaskInternalSetTimeOutState
 .text.xTaskCheckForTimeOut
                0x00001a5c       0xaa FreeRTOS/src/tasks.o
                0x00001a5c                xTaskCheckForTimeOut
 .text.vTaskMissedYield
                0x00001b06        0x8 FreeRTOS/src/tasks.o
                0x00001b06                vTaskMissedYield
 .text.xTaskGetSchedulerState
                0x00001b0e       0x1c FreeRTOS/src/tasks.o
                0x00001b0e                xTaskGetSchedulerState
 .text.xTaskPriorityDisinherit
                0x00001b2a       0x80 FreeRTOS/src/tasks.o
                0x00001b2a                xTaskPriorityDisinherit
 .text.prvInsertTimerInActiveList
                0x00001baa       0x92 FreeRTOS/src/timers.o
 .text.prvCheckForValidListAndQueue
                0x00001c3c       0x50 FreeRTOS/src/timers.o
 .text.xTimerCreateTimerTask
                0x00001c8c       0x40 FreeRTOS/src/timers.o
                0x00001c8c                xTimerCreateTimerTask
 .text.xTimerGenericCommand
                0x00001ccc       0xb6 FreeRTOS/src/timers.o
                0x00001ccc                xTimerGenericCommand
 .text.prvSampleTimeNow
                0x00001d82      0x12c FreeRTOS/src/timers.o
 .text.vApplicationIdleHook
                0x00001eae        0x2 FreeRTOS/src/variantHooks.o
                0x00001eae                vApplicationIdleHook
 .text.vApplicationMallocFailedHook
                0x00001eb0       0x1a FreeRTOS/src/variantHooks.o
                0x00001eb0                vApplicationMallocFailedHook
 .text.vApplicationStackOverflowHook
                0x00001eca       0x1a FreeRTOS/src/variantHooks.o
                0x00001eca                vApplicationStackOverflowHook
 .text.init_task
                0x00001ee4       0x6a main.o
                0x00001ee4                init_task
 .text.main     0x00001f4e       0x2a main.o
                0x00001f4e                main
 .text._hihTwiCallback
                0x00001f78       0x5a ../drivers\libIotLibrary.a(hih8120.o)
 .text.hih8120_create
                0x00001fd2       0x2e ../drivers\libIotLibrary.a(hih8120.o)
                0x00001fd2                hih8120_create
 .text.hih8120_getHumidity
                0x00002000       0x24 ../drivers\libIotLibrary.a(hih8120.o)
                0x00002000                hih8120_getHumidity
 .text.hih8120_getHumidityPercent_x10
                0x00002024       0x12 ../drivers\libIotLibrary.a(hih8120.o)
                0x00002024                hih8120_getHumidityPercent_x10
 .text.__vector_25
                0x00002036       0xa4 ../drivers\libIotLibrary.a(serial.o)
                0x00002036                __vector_25
 .text.__vector_26
                0x000020da       0x88 ../drivers\libIotLibrary.a(serial.o)
                0x000020da                __vector_26
 .text.__vector_36
                0x00002162       0xa4 ../drivers\libIotLibrary.a(serial.o)
                0x00002162                __vector_36
 .text.__vector_37
                0x00002206       0x88 ../drivers\libIotLibrary.a(serial.o)
                0x00002206                __vector_37
 .text.__vector_51
                0x0000228e       0xa4 ../drivers\libIotLibrary.a(serial.o)
                0x0000228e                __vector_51
 .text.__vector_52
                0x00002332       0x88 ../drivers\libIotLibrary.a(serial.o)
                0x00002332                __vector_52
 .text.__vector_54
                0x000023ba       0xa4 ../drivers\libIotLibrary.a(serial.o)
                0x000023ba                __vector_54
 .text.__vector_55
                0x0000245e       0x88 ../drivers\libIotLibrary.a(serial.o)
                0x0000245e                __vector_55
 .text.twiCreate
                0x000024e6       0x9a ../drivers\libIotLibrary.a(twi.o)
                0x000024e6                twiCreate
 .text.__vector_39
                0x00002580      0x17a ../drivers\libIotLibrary.a(twi.o)
                0x00002580                __vector_39
 .text.avr-libc.fplib
                0x000026fa        0x4 d:/program files (x86)/atmel/studio/7.0/toolchain/avr8/avr8-gnu-toolchain/bin/../lib/gcc/avr/5.4.0/../../../../avr/lib/avr6\libm.a(divsf3.o)
                0x000026fa                __divsf3
 .text.avr-libc.fplib
                0x000026fe       0xcc d:/program files (x86)/atmel/studio/7.0/toolchain/avr8/avr8-gnu-toolchain/bin/../lib/gcc/avr/5.4.0/../../../../avr/lib/avr6\libm.a(divsf3x.o)
                0x00002714                __divsf3x
                0x00002718                __divsf3_pse
 .text.avr-libc.fplib
                0x000027ca       0x58 d:/program files (x86)/atmel/studio/7.0/toolchain/avr8/avr8-gnu-toolchain/bin/../lib/gcc/avr/5.4.0/../../../../avr/lib/avr6\libm.a(fixunssfsi.o)
                0x000027ca                __fixunssfsi
 .text.avr-libc.fplib
                0x00002822       0x7a d:/program files (x86)/atmel/studio/7.0/toolchain/avr8/avr8-gnu-toolchain/bin/../lib/gcc/avr/5.4.0/../../../../avr/lib/avr6\libm.a(floatsisf.o)
                0x00002822                __floatunsisf
                0x00002826                __floatsisf
 .text.avr-libc.fplib
                0x0000289c        0xc d:/program files (x86)/atmel/studio/7.0/toolchain/avr8/avr8-gnu-toolchain/bin/../lib/gcc/avr/5.4.0/../../../../avr/lib/avr6\libm.a(fp_inf.o)
                0x0000289c                __fp_inf
 .text.avr-libc.fplib
                0x000028a8        0x6 d:/program files (x86)/atmel/studio/7.0/toolchain/avr8/avr8-gnu-toolchain/bin/../lib/gcc/avr/5.4.0/../../../../avr/lib/avr6\libm.a(fp_nan.o)
                0x000028a8                __fp_nan
 .text.avr-libc.fplib
                0x000028ae        0xe d:/program files (x86)/atmel/studio/7.0/toolchain/avr8/avr8-gnu-toolchain/bin/../lib/gcc/avr/5.4.0/../../../../avr/lib/avr6\libm.a(fp_pscA.o)
                0x000028ae                __fp_pscA
 .text.avr-libc.fplib
                0x000028bc        0xe d:/program files (x86)/atmel/studio/7.0/toolchain/avr8/avr8-gnu-toolchain/bin/../lib/gcc/avr/5.4.0/../../../../avr/lib/avr6\libm.a(fp_pscB.o)
                0x000028bc                __fp_pscB
 .text.avr-libc.fplib
                0x000028ca       0x22 d:/program files (x86)/atmel/studio/7.0/toolchain/avr8/avr8-gnu-toolchain/bin/../lib/gcc/avr/5.4.0/../../../../avr/lib/avr6\libm.a(fp_round.o)
                0x000028ca                __fp_round
 .text.avr-libc.fplib
                0x000028ec       0x44 d:/program files (x86)/atmel/studio/7.0/toolchain/avr8/avr8-gnu-toolchain/bin/../lib/gcc/avr/5.4.0/../../../../avr/lib/avr6\libm.a(fp_split3.o)
                0x000028ec                __fp_split3
                0x000028fc                __fp_splitA
 .text.avr-libc.fplib
                0x00002930        0xe d:/program files (x86)/atmel/studio/7.0/toolchain/avr8/avr8-gnu-toolchain/bin/../lib/gcc/avr/5.4.0/../../../../avr/lib/avr6\libm.a(fp_zero.o)
                0x00002930                __fp_zero
                0x00002932                __fp_szero
 .text.avr-libc.fplib
                0x0000293e        0x4 d:/program files (x86)/atmel/studio/7.0/toolchain/avr8/avr8-gnu-toolchain/bin/../lib/gcc/avr/5.4.0/../../../../avr/lib/avr6\libm.a(mulsf3.o)
                0x0000293e                __mulsf3
 .text.avr-libc.fplib
                0x00002942       0xc2 d:/program files (x86)/atmel/studio/7.0/toolchain/avr8/avr8-gnu-toolchain/bin/../lib/gcc/avr/5.4.0/../../../../avr/lib/avr6\libm.a(mulsf3x.o)
                0x00002956                __mulsf3x
                0x0000295a                __mulsf3_pse
 .text.libgcc.div
                0x00002a04       0x44 d:/program files (x86)/atmel/studio/7.0/toolchain/avr8/avr8-gnu-toolchain/bin/../lib/gcc/avr/5.4.0/avr6\libgcc.a(_udivmodsi4.o)
                0x00002a04                __udivmodsi4
 .text.libgcc   0x00002a48       0x10 d:/program files (x86)/atmel/studio/7.0/toolchain/avr8/avr8-gnu-toolchain/bin/../lib/gcc/avr/5.4.0/avr6\libgcc.a(_tablejump2.o)
                0x00002a48                __tablejump2__
 .text.avr-libc
                0x00002a58      0x242 d:/program files (x86)/atmel/studio/7.0/toolchain/avr8/avr8-gnu-toolchain/bin/../lib/gcc/avr/5.4.0/../../../../avr/lib/avr6\libc.a(malloc.o)
                0x00002a58                malloc
                0x00002b88                free
 .text.avr-libc
                0x00002c9a       0x12 d:/program files (x86)/atmel/studio/7.0/toolchain/avr8/avr8-gnu-toolchain/bin/../lib/gcc/avr/5.4.0/../../../../avr/lib/avr6\libc.a(memcpy.o)
                0x00002c9a                memcpy
 .text.avr-libc
                0x00002cac        0xe d:/program files (x86)/atmel/studio/7.0/toolchain/avr8/avr8-gnu-toolchain/bin/../lib/gcc/avr/5.4.0/../../../../avr/lib/avr6\libc.a(memset.o)
                0x00002cac                memset
 .text.avr-libc
                0x00002cba       0x26 d:/program files (x86)/atmel/studio/7.0/toolchain/avr8/avr8-gnu-toolchain/bin/../lib/gcc/avr/5.4.0/../../../../avr/lib/avr6\libc.a(printf.o)
                0x00002cba                printf
 .text.avr-libc
                0x00002ce0       0x60 d:/program files (x86)/atmel/studio/7.0/toolchain/avr8/avr8-gnu-toolchain/bin/../lib/gcc/avr/5.4.0/../../../../avr/lib/avr6\libc.a(puts.o)
                0x00002ce0                puts
 .text.avr-libc
                0x00002d40      0x3fa d:/program files (x86)/atmel/studio/7.0/toolchain/avr8/avr8-gnu-toolchain/bin/../lib/gcc/avr/5.4.0/../../../../avr/lib/avr6\libc.a(vfprintf_std.o)
                0x00002d40                vfprintf
 .text.avr-libc
                0x0000313a       0x16 d:/program files (x86)/atmel/studio/7.0/toolchain/avr8/avr8-gnu-toolchain/bin/../lib/gcc/avr/5.4.0/../../../../avr/lib/avr6\libc.a(strnlen_P.o)
                0x0000313a                strnlen_P
 .text.avr-libc
                0x00003150       0x16 d:/program files (x86)/atmel/studio/7.0/toolchain/avr8/avr8-gnu-toolchain/bin/../lib/gcc/avr/5.4.0/../../../../avr/lib/avr6\libc.a(strnlen.o)
                0x00003150                strnlen
 .text.avr-libc
                0x00003166       0x78 d:/program files (x86)/atmel/studio/7.0/toolchain/avr8/avr8-gnu-toolchain/bin/../lib/gcc/avr/5.4.0/../../../../avr/lib/avr6\libc.a(fputc.o)
                0x00003166                fputc
 .text.avr-libc
                0x000031de       0xbc d:/program files (x86)/atmel/studio/7.0/toolchain/avr8/avr8-gnu-toolchain/bin/../lib/gcc/avr/5.4.0/../../../../avr/lib/avr6\libc.a(ultoa_invert.o)
                0x000031de                __ultoa_invert
                0x0000329a                . = ALIGN (0x2)
 *(.fini9)
 .fini9         0x0000329a        0x0 d:/program files (x86)/atmel/studio/7.0/toolchain/avr8/avr8-gnu-toolchain/bin/../lib/gcc/avr/5.4.0/avr6\libgcc.a(_exit.o)
                0x0000329a                _exit
                0x0000329a                exit
 *(.fini9)
 *(.fini8)
 *(.fini8)
 *(.fini7)
 *(.fini7)
 *(.fini6)
 *(.fini6)
 *(.fini5)
 *(.fini5)
 *(.fini4)
 *(.fini4)
 *(.fini3)
 *(.fini3)
 *(.fini2)
 *(.fini2)
 *(.fini1)
 *(.fini1)
 *(.fini0)
 .fini0         0x0000329a        0x4 d:/program files (x86)/atmel/studio/7.0/toolchain/avr8/avr8-gnu-toolchain/bin/../lib/gcc/avr/5.4.0/avr6\libgcc.a(_exit.o)
 *(.fini0)
                0x0000329e                _etext = .

.data           0x00800200       0xa4 load address 0x0000329e
                0x00800200                PROVIDE (__data_start, .)
 *(.data)
 .data          0x00800200        0x6 d:/program files (x86)/atmel/studio/7.0/toolchain/avr8/avr8-gnu-toolchain/bin/../lib/gcc/avr/5.4.0/../../../../avr/lib/avr6\libc.a(malloc.o)
                0x00800200                __malloc_heap_end
                0x00800202                __malloc_heap_start
                0x00800204                __malloc_margin
 *(.data*)
 .data._temp    0x00800206        0x2 ../drivers\libIotLibrary.a(hih8120.o)
 .data._hum     0x00800208        0x2 ../drivers\libIotLibrary.a(hih8120.o)
 .data._twiCurrentState
                0x0080020a        0x1 ../drivers\libIotLibrary.a(twi.o)
 *(.gnu.linkonce.d*)
 *(.rodata)
 *(.rodata*)
 .rodata.str1.1
                0x0080020b        0x5 FreeRTOS/src/tasks.o
 .rodata.str1.1
                0x00800210        0x8 FreeRTOS/src/timers.o
 .rodata.str1.1
                0x00800218       0x8b main.o
 *(.gnu.linkonce.r*)
                0x008002a4                . = ALIGN (0x2)
 *fill*         0x008002a3        0x1 
                0x008002a4                _edata = .
                0x008002a4                PROVIDE (__data_end, .)

.bss            0x008002a4     0x106f
                0x008002a4                PROVIDE (__bss_start, .)
 *(.bss)
 *(.bss*)
 .bss.xBlockAllocatedBit
                0x008002a4        0x2 FreeRTOS/src/heap_4.o
 .bss.xMinimumEverFreeBytesRemaining
                0x008002a6        0x2 FreeRTOS/src/heap_4.o
 .bss.xFreeBytesRemaining
                0x008002a8        0x2 FreeRTOS/src/heap_4.o
 .bss.pxEnd     0x008002aa        0x2 FreeRTOS/src/heap_4.o
 .bss.xStart    0x008002ac        0x4 FreeRTOS/src/heap_4.o
 .bss.ucHeap    0x008002b0      0xfa0 FreeRTOS/src/heap_4.o
 .bss.uxSchedulerSuspended
                0x00801250        0x1 FreeRTOS/src/tasks.o
 .bss.xIdleTaskHandle
                0x00801251        0x2 FreeRTOS/src/tasks.o
 .bss.xNextTaskUnblockTime
                0x00801253        0x4 FreeRTOS/src/tasks.o
 .bss.uxTaskNumber
                0x00801257        0x1 FreeRTOS/src/tasks.o
 .bss.xNumOfOverflows
                0x00801258        0x1 FreeRTOS/src/tasks.o
 .bss.xYieldPending
                0x00801259        0x1 FreeRTOS/src/tasks.o
 .bss.uxPendedTicks
                0x0080125a        0x1 FreeRTOS/src/tasks.o
 .bss.xSchedulerRunning
                0x0080125b        0x1 FreeRTOS/src/tasks.o
 .bss.uxTopReadyPriority
                0x0080125c        0x1 FreeRTOS/src/tasks.o
 .bss.xTickCount
                0x0080125d        0x4 FreeRTOS/src/tasks.o
 .bss.uxCurrentNumberOfTasks
                0x00801261        0x1 FreeRTOS/src/tasks.o
 .bss.xSuspendedTaskList
                0x00801262        0xb FreeRTOS/src/tasks.o
 .bss.uxDeletedTasksWaitingCleanUp
                0x0080126d        0x1 FreeRTOS/src/tasks.o
 .bss.xTasksWaitingTermination
                0x0080126e        0xb FreeRTOS/src/tasks.o
 .bss.xPendingReadyList
                0x00801279        0xb FreeRTOS/src/tasks.o
 .bss.pxOverflowDelayedTaskList
                0x00801284        0x2 FreeRTOS/src/tasks.o
 .bss.pxDelayedTaskList
                0x00801286        0x2 FreeRTOS/src/tasks.o
 .bss.xDelayedTaskList2
                0x00801288        0xb FreeRTOS/src/tasks.o
 .bss.xDelayedTaskList1
                0x00801293        0xb FreeRTOS/src/tasks.o
 .bss.pxReadyTasksLists
                0x0080129e       0x2c FreeRTOS/src/tasks.o
 .bss.pxCurrentTCB
                0x008012ca        0x2 FreeRTOS/src/tasks.o
                0x008012ca                pxCurrentTCB
 .bss.xLastTime.2432
                0x008012cc        0x4 FreeRTOS/src/timers.o
 .bss.xTimerTaskHandle
                0x008012d0        0x2 FreeRTOS/src/timers.o
 .bss.xTimerQueue
                0x008012d2        0x2 FreeRTOS/src/timers.o
 .bss.pxOverflowTimerList
                0x008012d4        0x2 FreeRTOS/src/timers.o
 .bss.pxCurrentTimerList
                0x008012d6        0x2 FreeRTOS/src/timers.o
 .bss.xActiveTimerList2
                0x008012d8        0xb FreeRTOS/src/timers.o
 .bss.xActiveTimerList1
                0x008012e3        0xb FreeRTOS/src/timers.o
 .bss.xHandle   0x008012ee        0x2 main.o
                0x008012ee                xHandle
 .bss._measuringIsReady
                0x008012f0        0x1 ../drivers\libIotLibrary.a(hih8120.o)
 .bss._hih8120Handler
                0x008012f1        0x2 ../drivers\libIotLibrary.a(hih8120.o)
 .bss._ser_handle
                0x008012f3        0x8 ../drivers\libIotLibrary.a(serial.o)
 .bss._index.1885
                0x008012fb        0x1 ../drivers\libIotLibrary.a(twi.o)
 .bss._twiCurrentHandler
                0x008012fc        0x2 ../drivers\libIotLibrary.a(twi.o)
 .bss._twiMessageLen
                0x008012fe        0x1 ../drivers\libIotLibrary.a(twi.o)
 .bss._twiMessageBuffer
                0x008012ff        0xa ../drivers\libIotLibrary.a(twi.o)
 *(COMMON)
 COMMON         0x00801309        0x4 d:/program files (x86)/atmel/studio/7.0/toolchain/avr8/avr8-gnu-toolchain/bin/../lib/gcc/avr/5.4.0/../../../../avr/lib/avr6\libc.a(malloc.o)
                0x00801309                __brkval
                0x0080130b                __flp
 COMMON         0x0080130d        0x6 d:/program files (x86)/atmel/studio/7.0/toolchain/avr8/avr8-gnu-toolchain/bin/../lib/gcc/avr/5.4.0/../../../../avr/lib/avr6\libc.a(iob.o)
                0x0080130d                __iob
                0x00801313                PROVIDE (__bss_end, .)
                0x0000329e                __data_load_start = LOADADDR (.data)
                0x00003342                __data_load_end = (__data_load_start + SIZEOF (.data))

.noinit         0x00801313        0x0
                [!provide]                PROVIDE (__noinit_start, .)
 *(.noinit*)
                [!provide]                PROVIDE (__noinit_end, .)
                0x00801313                _end = .
                0x00801313                PROVIDE (__heap_start, .)

.eeprom         0x00810000        0x0
 *(.eeprom*)
                0x00810000                __eeprom_end = .

.fuse
 *(.fuse)
 *(.lfuse)
 *(.hfuse)
 *(.efuse)

.lock
 *(.lock*)

.signature
 *(.signature*)

.user_signatures
 *(.user_signatures*)

.stab
 *(.stab)

.stabstr
 *(.stabstr)

.stab.excl
 *(.stab.excl)

.stab.exclstr
 *(.stab.exclstr)

.stab.index
 *(.stab.index)

.stab.indexstr
 *(.stab.indexstr)

.comment        0x00000000       0x5c
 *(.comment)
 .comment       0x00000000       0x30 temperature_task.o
                                 0x31 (size before relaxing)
 .comment       0x00000030       0x31 FreeRTOS/FreeRTOSTraceDriver/FreeRTOSTraceDriver.o
 .comment       0x00000030       0x31 FreeRTOS/src/heap_4.o
 .comment       0x00000030       0x31 FreeRTOS/src/list.o
 .comment       0x00000030       0x31 FreeRTOS/src/port.o
 .comment       0x00000030       0x31 FreeRTOS/src/queue.o
 .comment       0x00000030       0x31 FreeRTOS/src/tasks.o
 .comment       0x00000030       0x31 FreeRTOS/src/timers.o
 .comment       0x00000030       0x31 FreeRTOS/src/variantHooks.o
 .comment       0x00000030       0x31 main.o
 .comment       0x00000030       0x31 ../drivers\libIotLibrary.a(hih8120.o)
 .comment       0x00000030       0x31 ../drivers\libIotLibrary.a(serial.o)
 .comment       0x00000030       0x31 ../drivers\libIotLibrary.a(twi.o)
 .comment       0x00000030       0x31 d:/program files (x86)/atmel/studio/7.0/toolchain/avr8/avr8-gnu-toolchain/bin/../lib/gcc/avr/5.4.0/../../../../avr/lib/avr6\libc.a(malloc.o)
 .comment       0x00000030       0x31 d:/program files (x86)/atmel/studio/7.0/toolchain/avr8/avr8-gnu-toolchain/bin/../lib/gcc/avr/5.4.0/../../../../avr/lib/avr6\libc.a(printf.o)
 .comment       0x00000030       0x31 d:/program files (x86)/atmel/studio/7.0/toolchain/avr8/avr8-gnu-toolchain/bin/../lib/gcc/avr/5.4.0/../../../../avr/lib/avr6\libc.a(puts.o)
 .comment       0x00000030       0x2c d:/program files (x86)/atmel/studio/7.0/toolchain/avr8/avr8-gnu-toolchain/bin/../lib/gcc/avr/5.4.0/../../../../avr/lib/avr6\libc.a(vfprintf_std.o)
                                 0x2d (size before relaxing)
 .comment       0x0000005c       0x31 d:/program files (x86)/atmel/studio/7.0/toolchain/avr8/avr8-gnu-toolchain/bin/../lib/gcc/avr/5.4.0/../../../../avr/lib/avr6\libc.a(fputc.o)
 .comment       0x0000005c       0x31 d:/program files (x86)/atmel/studio/7.0/toolchain/avr8/avr8-gnu-toolchain/bin/../lib/gcc/avr/5.4.0/../../../../avr/lib/avr6\libc.a(iob.o)

.note.gnu.avr.deviceinfo
                0x00000000       0x40
 .note.gnu.avr.deviceinfo
                0x00000000       0x40 D:/Program Files (x86)/Atmel/Studio/7.0/Packs/atmel/ATmega_DFP/1.3.300/gcc/dev/atmega2560/avr6/crtatmega2560.o

.note.gnu.build-id
 *(.note.gnu.build-id)

.debug
 *(.debug)

.line
 *(.line)

.debug_srcinfo
 *(.debug_srcinfo)

.debug_sfnames
 *(.debug_sfnames)

.debug_aranges  0x00000000      0x640
 *(.debug_aranges)
 .debug_aranges
                0x00000000       0x30 temperature_task.o
 .debug_aranges
                0x00000030       0x30 FreeRTOS/FreeRTOSTraceDriver/FreeRTOSTraceDriver.o
 .debug_aranges
                0x00000060       0x48 FreeRTOS/src/heap_4.o
 .debug_aranges
                0x000000a8       0x40 FreeRTOS/src/list.o
 .debug_aranges
                0x000000e8       0x48 FreeRTOS/src/port.o
 .debug_aranges
                0x00000130       0xf8 FreeRTOS/src/queue.o
 .debug_aranges
                0x00000228      0x1d8 FreeRTOS/src/tasks.o
 .debug_aranges
                0x00000400       0xa0 FreeRTOS/src/timers.o
 .debug_aranges
                0x000004a0       0x30 FreeRTOS/src/variantHooks.o
 .debug_aranges
                0x000004d0       0x28 main.o
 .debug_aranges
                0x000004f8       0x68 ../drivers\libIotLibrary.a(hih8120.o)
 .debug_aranges
                0x00000560       0x90 ../drivers\libIotLibrary.a(serial.o)
 .debug_aranges
                0x000005f0       0x50 ../drivers\libIotLibrary.a(twi.o)

.debug_pubnames
 *(.debug_pubnames)

.debug_info     0x00000000     0x8540
 *(.debug_info .gnu.linkonce.wi.*)
 .debug_info    0x00000000      0xbbc D:/Program Files (x86)/Atmel/Studio/7.0/Packs/atmel/ATmega_DFP/1.3.300/gcc/dev/atmega2560/avr6/crtatmega2560.o
 .debug_info    0x00000bbc      0x1b5 temperature_task.o
 .debug_info    0x00000d71       0xd3 FreeRTOS/FreeRTOSTraceDriver/FreeRTOSTraceDriver.o
 .debug_info    0x00000e44      0x3d4 FreeRTOS/src/heap_4.o
 .debug_info    0x00001218      0x2dc FreeRTOS/src/list.o
 .debug_info    0x000014f4      0x284 FreeRTOS/src/port.o
 .debug_info    0x00001778     0x1910 FreeRTOS/src/queue.o
 .debug_info    0x00003088     0x27fd FreeRTOS/src/tasks.o
 .debug_info    0x00005885     0x1115 FreeRTOS/src/timers.o
 .debug_info    0x0000699a      0x1ba FreeRTOS/src/variantHooks.o
 .debug_info    0x00006b54      0x333 main.o
 .debug_info    0x00006e87      0x3a9 ../drivers\libIotLibrary.a(hih8120.o)
 .debug_info    0x00007230      0xdb3 ../drivers\libIotLibrary.a(serial.o)
 .debug_info    0x00007fe3      0x55d ../drivers\libIotLibrary.a(twi.o)

.debug_abbrev   0x00000000     0x234e
 *(.debug_abbrev)
 .debug_abbrev  0x00000000      0xb1a D:/Program Files (x86)/Atmel/Studio/7.0/Packs/atmel/ATmega_DFP/1.3.300/gcc/dev/atmega2560/avr6/crtatmega2560.o
 .debug_abbrev  0x00000b1a       0xda temperature_task.o
 .debug_abbrev  0x00000bf4       0x92 FreeRTOS/FreeRTOSTraceDriver/FreeRTOSTraceDriver.o
 .debug_abbrev  0x00000c86      0x224 FreeRTOS/src/heap_4.o
 .debug_abbrev  0x00000eaa       0xff FreeRTOS/src/list.o
 .debug_abbrev  0x00000fa9      0x158 FreeRTOS/src/port.o
 .debug_abbrev  0x00001101      0x2d8 FreeRTOS/src/queue.o
 .debug_abbrev  0x000013d9      0x359 FreeRTOS/src/tasks.o
 .debug_abbrev  0x00001732      0x2f5 FreeRTOS/src/timers.o
 .debug_abbrev  0x00001a27      0x101 FreeRTOS/src/variantHooks.o
 .debug_abbrev  0x00001b28      0x127 main.o
 .debug_abbrev  0x00001c4f      0x184 ../drivers\libIotLibrary.a(hih8120.o)
 .debug_abbrev  0x00001dd3      0x364 ../drivers\libIotLibrary.a(serial.o)
 .debug_abbrev  0x00002137      0x217 ../drivers\libIotLibrary.a(twi.o)

.debug_line     0x00000000     0x4279
 *(.debug_line .debug_line.* .debug_line_end)
 .debug_line    0x00000000      0x1f9 D:/Program Files (x86)/Atmel/Studio/7.0/Packs/atmel/ATmega_DFP/1.3.300/gcc/dev/atmega2560/avr6/crtatmega2560.o
 .debug_line    0x000001f9      0x10f temperature_task.o
 .debug_line    0x00000308       0xfd FreeRTOS/FreeRTOSTraceDriver/FreeRTOSTraceDriver.o
 .debug_line    0x00000405      0x318 FreeRTOS/src/heap_4.o
 .debug_line    0x0000071d      0x1da FreeRTOS/src/list.o
 .debug_line    0x000008f7      0x312 FreeRTOS/src/port.o
 .debug_line    0x00000c09      0xbfa FreeRTOS/src/queue.o
 .debug_line    0x00001803     0x1668 FreeRTOS/src/tasks.o
 .debug_line    0x00002e6b      0x563 FreeRTOS/src/timers.o
 .debug_line    0x000033ce      0x18a FreeRTOS/src/variantHooks.o
 .debug_line    0x00003558      0x18e main.o
 .debug_line    0x000036e6      0x24a ../drivers\libIotLibrary.a(hih8120.o)
 .debug_line    0x00003930      0x62d ../drivers\libIotLibrary.a(serial.o)
 .debug_line    0x00003f5d      0x31c ../drivers\libIotLibrary.a(twi.o)

.debug_frame    0x00000000     0x15c8
 *(.debug_frame)
 .debug_frame   0x00000000       0x44 temperature_task.o
 .debug_frame   0x00000044       0x44 FreeRTOS/FreeRTOSTraceDriver/FreeRTOSTraceDriver.o
 .debug_frame   0x00000088       0xb4 FreeRTOS/src/heap_4.o
 .debug_frame   0x0000013c       0x90 FreeRTOS/src/list.o
 .debug_frame   0x000001cc       0x74 FreeRTOS/src/port.o
 .debug_frame   0x00000240      0x3d8 FreeRTOS/src/queue.o
 .debug_frame   0x00000618      0x75c FreeRTOS/src/tasks.o
 .debug_frame   0x00000d74      0x248 FreeRTOS/src/timers.o
 .debug_frame   0x00000fbc       0x44 FreeRTOS/src/variantHooks.o
 .debug_frame   0x00001000       0x58 main.o
 .debug_frame   0x00001058       0xc0 ../drivers\libIotLibrary.a(hih8120.o)
 .debug_frame   0x00001118      0x384 ../drivers\libIotLibrary.a(serial.o)
 .debug_frame   0x0000149c      0x12c ../drivers\libIotLibrary.a(twi.o)

.debug_str      0x00000000     0x2ccf
 *(.debug_str)
 .debug_str     0x00000000      0x3e6 D:/Program Files (x86)/Atmel/Studio/7.0/Packs/atmel/ATmega_DFP/1.3.300/gcc/dev/atmega2560/avr6/crtatmega2560.o
 .debug_str     0x000003e6      0x1f1 temperature_task.o
                                0x225 (size before relaxing)
 .debug_str     0x000005d7       0x70 FreeRTOS/FreeRTOSTraceDriver/FreeRTOSTraceDriver.o
                                0x1b6 (size before relaxing)
 .debug_str     0x00000647      0x223 FreeRTOS/src/heap_4.o
                                0x376 (size before relaxing)
 .debug_str     0x0000086a      0x149 FreeRTOS/src/list.o
                                0x2b3 (size before relaxing)
 .debug_str     0x000009b3      0x130 FreeRTOS/src/port.o
                                0x2a0 (size before relaxing)
 .debug_str     0x00000ae3      0x6e4 FreeRTOS/src/queue.o
                                0x9a9 (size before relaxing)
 .debug_str     0x000011c7      0xbbd FreeRTOS/src/tasks.o
                               0x1154 (size before relaxing)
 .debug_str     0x00001d84      0x43f FreeRTOS/src/timers.o
                                0x841 (size before relaxing)
 .debug_str     0x000021c3       0x61 FreeRTOS/src/variantHooks.o
                                0x247 (size before relaxing)
 .debug_str     0x00002224      0x13b main.o
                                0x31e (size before relaxing)
 .debug_str     0x0000235f      0x208 ../drivers\libIotLibrary.a(hih8120.o)
                                0x454 (size before relaxing)
 .debug_str     0x00002567      0x473 ../drivers\libIotLibrary.a(serial.o)
                                0x627 (size before relaxing)
 .debug_str     0x000029da      0x2f5 ../drivers\libIotLibrary.a(twi.o)
                                0x5b4 (size before relaxing)

.debug_loc      0x00000000     0x7a37
 *(.debug_loc)
 .debug_loc     0x00000000       0x42 FreeRTOS/FreeRTOSTraceDriver/FreeRTOSTraceDriver.o
 .debug_loc     0x00000042      0x331 FreeRTOS/src/heap_4.o
 .debug_loc     0x00000373      0x17d FreeRTOS/src/list.o
 .debug_loc     0x000004f0      0x2af FreeRTOS/src/port.o
 .debug_loc     0x0000079f     0x1c21 FreeRTOS/src/queue.o
 .debug_loc     0x000023c0     0x3168 FreeRTOS/src/tasks.o
 .debug_loc     0x00005528      0xcf7 FreeRTOS/src/timers.o
 .debug_loc     0x0000621f       0xb6 FreeRTOS/src/variantHooks.o
 .debug_loc     0x000062d5       0xce main.o
 .debug_loc     0x000063a3       0x9f ../drivers\libIotLibrary.a(hih8120.o)
 .debug_loc     0x00006442     0x1080 ../drivers\libIotLibrary.a(serial.o)
 .debug_loc     0x000074c2      0x575 ../drivers\libIotLibrary.a(twi.o)

.debug_macinfo
 *(.debug_macinfo)

.debug_weaknames
 *(.debug_weaknames)

.debug_funcnames
 *(.debug_funcnames)

.debug_typenames
 *(.debug_typenames)

.debug_varnames
 *(.debug_varnames)

.debug_pubtypes
 *(.debug_pubtypes)

.debug_ranges   0x00000000      0x6e8
 *(.debug_ranges)
 .debug_ranges  0x00000000       0x20 temperature_task.o
 .debug_ranges  0x00000020       0x20 FreeRTOS/FreeRTOSTraceDriver/FreeRTOSTraceDriver.o
 .debug_ranges  0x00000040       0x38 FreeRTOS/src/heap_4.o
 .debug_ranges  0x00000078       0x30 FreeRTOS/src/list.o
 .debug_ranges  0x000000a8       0x38 FreeRTOS/src/port.o
 .debug_ranges  0x000000e0      0x178 FreeRTOS/src/queue.o
 .debug_ranges  0x00000258      0x240 FreeRTOS/src/tasks.o
 .debug_ranges  0x00000498       0xe8 FreeRTOS/src/timers.o
 .debug_ranges  0x00000580       0x20 FreeRTOS/src/variantHooks.o
 .debug_ranges  0x000005a0       0x18 main.o
 .debug_ranges  0x000005b8       0x58 ../drivers\libIotLibrary.a(hih8120.o)
 .debug_ranges  0x00000610       0x98 ../drivers\libIotLibrary.a(serial.o)
 .debug_ranges  0x000006a8       0x40 ../drivers\libIotLibrary.a(twi.o)

.debug_macro
 *(.debug_macro)
OUTPUT(SEP4Project.elf elf32-avr)
LOAD linker stubs
